<html>
<body>
<pre>
<h1>µVision Build Log</h1>
<h2>Tool Versions:</h2>
IDE-Version: µVision V5.17.0.0
Copyright (C) 2015 ARM Ltd and ARM Germany GmbH. All rights reserved.
License Information: Matthias Becker, -, LIC=----
 
Tool Versions:
Toolchain:       MDK-Lite  Version: 5.17
Toolchain Path:  D:\Programme\Keil5\ARM\ARMCC\Bin
C Compiler:      Armcc.exe V5.06 update 1 (build 61)
Assembler:       Armasm.exe V5.06 update 1 (build 61)
Linker/Locator:  ArmLink.exe V5.06 update 1 (build 61)
Library Manager: ArmAr.exe V5.06 update 1 (build 61)
Hex Converter:   FromElf.exe V5.06 update 1 (build 61)
CPU DLL:         SARMCM3.DLL V5.17
Dialog DLL:      DCM.DLL V1.13.4.0
Target DLL:      STLink\ST-LINKIII-KEIL_SWO.dll V2.0.18.0
Dialog DLL:      TCM.DLL V1.14.6.0
 
<h2>Project:</h2>
C:\Users\Matthias\Documents\GitHub\STM32F3-Disco\STM32F3-Disco\MDK-ARM\STM32F3-Disco.uvprojx
Project File Date:  09/04/2016

<h2>Output:</h2>
*** Using Compiler 'V5.06 update 1 (build 61)', folder: 'D:\Programme\Keil5\ARM\ARMCC\Bin'
Build target 'STM32F3-Disco'
assembling startup_stm32f303xc.s...
compiling stm32f3xx_hal_timebase_TIM.c...
compiling gpio.c...
compiling stm32f3xx_it.c...
compiling system_stm32f3xx.c...
compiling freertos.c...
compiling main.c...
compiling stm32f3xx_hal_msp.c...
compiling stm32f3xx_hal_pwr.c...
compiling stm32f3xx_hal_flash_ex.c...
compiling stm32f3xx_hal_rcc_ex.c...
compiling stm32f3xx_hal_flash.c...
compiling stm32f3xx_hal_i2c_ex.c...
compiling stm32f3xx_hal_rcc.c...
compiling stm32f3xx_hal_i2c.c...
compiling stm32f3xx_hal.c...
compiling stm32f3xx_hal_pwr_ex.c...
compiling stm32f3xx_hal_cortex.c...
compiling timers.c...
compiling port.c...
compiling event_groups.c...
compiling stm32f3xx_hal_gpio.c...
compiling tasks.c...
compiling list.c...
compiling stm32f3xx_hal_dma.c...
compiling croutine.c...
compiling stm32f3xx_hal_tim.c...
compiling heap_4.c...
compiling cmsis_os.c...
compiling stm32f3xx_hal_tim_ex.c...
compiling queue.c...
linking...
Program Size: Code=8556 RO-data=572 RW-data=116 ZI-data=4396  
"STM32F3-Disco\STM32F3-Disco.axf" - 0 Error(s), 0 Warning(s).

<h2>Software Packages used:</h2>

Package Vendor: ARM
                http://www.keil.com/pack/ARM.CMSIS.4.5.0.pack
                ARM::CMSIS:CORE:4.3.0
                CMSIS (Cortex Microcontroller Software Interface Standard)
   * Component: CORE Version: 4.3.0

<h2>Collection of Component include folders:</h2>
  C:\Users\Matthias\Documents\GitHub\STM32F3-Disco\STM32F3-Disco\MDK-ARM\RTE
  D:\Programme\Keil5\ARM\PACK\ARM\CMSIS\4.5.0\CMSIS\Include
  D:\Programme\Keil5\ARM\PACK\Keil\STM32F3xx_DFP\1.3.0\Device\Include

<h2>Collection of Component Files used:</h2>

   * Component: ARM::CMSIS:CORE:4.3.0
Build Time Elapsed:  00:00:04
</pre>
</body>
</html>
